DUNFIELD 8051 ASSEMBLER: LAB3TST                                      PAGE: 1

0000                         1  *
0000                         2  * EMILY Lab 3 Joey Jacobus
0000                         3  * 
0000                         4  * Tests output to serial monitor 
0000                         5  
0000                         6  	ORG	$0000
0000  02 00 03               7  	LJMP BEGIN
0003                         8  
0003                         9  
0003                        10  
0003                        11  BEGIN
0003                        12  	* Setup interrupts, gpio output, RD as secondary function
0003                        13  
0003                        14  	* VAlue = 256 - ((11.0592 * 10^6)/192)/BAUD
0003  75 8D FD              15  	MOV TH1,#253 		Auto-Reload value for timer 1
0006  75 8C FD              16  	MOV TH0,#253 		Load value into timer 1
0009                        17  
0009  75 89 20              18  	MOV TMOD,#20H    8 bit  auto-reload mode 2
000C                        19  
000C  D2 8E                 20  	SETB TCON.6     TR1 start timer 1 
000E                        21  	* SETB PCON.7		We want to double baud rate. 
000E                        22  
000E                        23  
000E                        24  	* Configure P3.6 and P3.7 as secondary function /WR and /RD
000E  C2 B6                 25  	CLR P3.6
0010  D2 B6                 26  	SETB P3.6
0012                        27  
0012  C2 B7                 28  	CLR P3.7
0014  D2 B7                 29  	SETB P3.7
0016                        30  
0016                        31  	* Configure Serial port
0016  75 98 50              32  	MOV SCON,#50H	Mode 1, 8 bit uart with timer 1 baud generator, Receive enable
0019                        33  
0019  79 56                 34  	MOV R1,#056H	puts 'ascii value for U' in R1
001B                        35  	
001B  C2 99                 36  	CLR SCON.1		Make sure TI clear to start
001D  C2 98                 37  	CLR SCON.0 		MAke sure RI clear to start
001F                        38  	* MOV SBUF,R1
001F                        39  
001F                        40  GET
001F  C2 98                 41  	CLR SCON.0 			Clear RI bit
0021  30 98 FB              42  	JNB SCON.0,GET		Wait for receive
0024  E5 99                 43  	MOV A,SBUF			Move received byte to Accumulator
0026                        44  	
0026                        45  	* START transmitting
0026  C2 99                 46  	CLR SCON.1			Clear TI bit 
0028                        47  
0028  F5 99                 48  	MOV SBUF,A 			Write the byte back
002A                        49  TX	
002A  30 99 FD              50  	JNB SCON.1,TX		Check if TI is set, if not don't transmit
002D  01 1F                 51  	AJMP GET
002F                        52  
002F                        53  
002F                        54  	
